2026-09-05 07:05:51 meera login
2026-09-05 07:05:51 arun login
2026-09-05 07:07:22 meera login
2026-09-05 07:07:22 arun login
2026-09-05 07:16:32 meera login
2026-09-05 07:16:32 arun login
2026-09-05 07:42:24 asha login
2026-09-05 07:42:24 ravi login
2026-09-05 07:42:24 nita login
2026-09-05 07:44:06 asha login
2026-09-05 07:44:06 ravi login
2026-09-05 07:44:06 nita login
2026-09-05 07:44:31 meera login
2026-09-05 07:44:31 arun login
2026-09-05 07:46:27 asha login
2026-09-05 07:46:27 ravi login
2026-09-05 07:46:27 nita login
2026-09-05 08:26:15 meera login
2026-09-05 08:26:15 arun login
2026-09-05 08:27:34 asha login
2026-09-05 08:27:34 ravi login
2026-09-05 08:27:35 nita login
2026-09-05 09:34:12 meera login
2026-09-05 09:34:12 arun login
2026-09-05 09:35:28 asha login
2026-09-05 09:35:28 ravi login
2026-09-05 09:35:28 nita login
2026-09-16 03:46:17 meera login
2026-09-16 03:46:18 arun login
2026-09-16 03:46:36 asha login
2026-09-16 03:46:37 ravi login
2026-09-16 03:46:37 nita login
2026-09-16 04:26:59 meera login
2026-09-16 04:26:59 arun login
2026-09-16 04:27:17 asha login
2026-09-16 04:27:17 ravi login
2026-09-16 04:27:18 nita login
2026-09-16 04:31:06 meera login
2026-09-16 04:31:07 arun login
2026-09-16 04:31:15 asha login
2026-09-16 04:31:15 ravi login
2026-09-16 04:31:15 nita login
2026-09-16 04:32:34 meera login
2026-09-16 04:32:34 arun login
2026-09-16 04:32:38 asha login
2026-09-16 04:32:39 ravi login
2026-09-16 04:32:39 nita login
2026-09-16 04:36:43 meera login
2026-09-16 04:36:43 arun login
2026-09-16 04:36:47 asha login
2026-09-16 04:36:47 ravi login
2026-09-16 04:36:47 nita login
2026-09-16 04:41:03 meera login
2026-09-16 04:41:03 arun login
2026-09-16 04:41:07 asha login
2026-09-16 04:41:07 ravi login
2026-09-16 04:41:07 nita login
2026-09-16 04:43:37 meera login
2026-09-16 04:43:38 arun login
2026-09-16 04:43:41 asha login
2026-09-16 04:43:42 ravi login
2026-09-16 04:43:42 nita login
2026-09-18 04:12:47 meera login
2026-09-18 04:12:47 arun login
2026-09-18 04:13:14 asha login
2026-09-18 04:13:14 ravi login
2026-09-18 04:13:15 nita login
2026-09-18 04:14:38 meera login
2026-09-18 04:14:39 arun login
2026-09-18 04:14:55 asha login
2026-09-18 04:14:55 ravi login
2026-09-18 04:14:55 nita login
2026-09-18 04:16:04 meera login
2026-09-18 04:16:04 arun login
2026-09-18 04:16:22 asha login
2026-09-18 04:16:22 ravi login
2026-09-18 04:16:22 nita login
